../Core/Src/main.c:152:5:main	40	dynamic
../Core/Src/main.c:259:6:SystemClock_Config	96	static
../Core/Src/main.c:308:7:Read_ADC	24	static
../Core/Src/main.c:323:7:Calculate_RMS	24	static
../Core/Src/main.c:335:6:CheckAndTransmitLoadChange	8	static
../Core/Src/main.c:352:6:Enable_Load	8	static
../Core/Src/main.c:364:6:Disable_Load	8	static
../Core/Src/main.c:376:10:Parse_RxSLData	24	static
../Core/Src/main.c:388:7:HAL_GPIO_EXTI_Callback	24	static
../Core/Src/main.c:422:7:HAL_UART_RxCpltCallback	16	static
../Core/Src/main.c:448:6:Error_Handler	4	static,ignoring_inline_asm
